mode: set
gophermart/internal/service/errors/errors.go:12.64,14.2 1 1
gophermart/internal/service/errors/errors.go:22.56,24.2 1 1
gophermart/internal/service/errors/errors.go:32.53,34.2 1 1
gophermart/internal/repository/errors.go:13.51,15.2 1 1
gophermart/internal/repository/errors.go:24.46,26.2 1 1
gophermart/internal/repository/errors.go:35.50,37.2 1 1
gophermart/internal/repository/errors.go:46.47,48.2 1 1
gophermart/internal/repository/errors.go:57.52,59.2 1 1
gophermart/internal/repository/errors.go:68.51,70.2 1 1
gophermart/internal/models/order.go:23.35,24.20 1 1
gophermart/internal/models/order.go:24.20,26.3 1 1
gophermart/internal/models/order.go:27.2,27.17 1 1
gophermart/internal/models/order.go:33.48,35.48 2 1
gophermart/internal/models/order.go:35.48,37.3 1 1
gophermart/internal/models/order.go:39.2,40.12 2 1
gophermart/internal/models/order.go:45.46,47.2 1 1
gophermart/internal/models/order.go:51.38,53.2 1 1
gophermart/internal/models/order.go:58.37,61.2 2 1
gophermart/internal/models/order.go:65.28,67.2 1 1
gophermart/internal/models/order.go:71.47,76.2 2 1
gophermart/internal/models/order.go:81.57,84.2 2 1
gophermart/internal/models/user.go:17.36,21.2 2 1
gophermart/internal/models/user.go:25.27,28.2 1 1
gophermart/internal/models/user.go:32.51,34.2 1 1
gophermart/internal/models/user.go:38.43,40.2 1 1
gophermart/internal/models/user.go:44.48,46.2 1 1
gophermart/internal/models/user.go:50.38,52.2 1 1
gophermart/internal/models/withdrawal.go:16.36,18.2 1 1
gophermart/internal/models/withdrawal.go:22.33,24.2 1 1
gophermart/internal/models/withdrawal.go:28.57,30.2 1 1
gophermart/internal/models/withdrawal.go:34.45,36.2 1 1
gophermart/internal/models/withdrawal.go:40.42,42.2 1 1
gophermart/internal/models/withdrawal.go:46.38,48.2 1 1
gophermart/internal/models/withdrawal.go:52.60,54.2 1 1
gophermart/internal/models/withdrawal.go:58.48,60.2 1 1
gophermart/internal/models/withdrawal.go:64.51,66.2 1 1
gophermart/internal/service/authorization.go:10.47,18.16 4 1
gophermart/internal/service/authorization.go:18.16,20.3 1 0
gophermart/internal/service/authorization.go:22.2,22.15 1 1
gophermart/internal/service/authorization.go:25.56,28.83 2 1
gophermart/internal/service/authorization.go:28.83,30.3 1 1
gophermart/internal/service/authorization.go:32.2,34.16 2 1
gophermart/internal/service/authorization.go:34.16,36.3 1 0
gophermart/internal/service/authorization.go:38.2,38.19 1 1
gophermart/internal/service/orders.go:14.38,16.27 1 1
gophermart/internal/service/orders.go:16.27,17.25 1 1
gophermart/internal/service/orders.go:17.25,19.4 1 1
gophermart/internal/service/orders.go:23.2,25.38 3 1
gophermart/internal/service/orders.go:25.38,28.27 2 1
gophermart/internal/service/orders.go:28.27,30.17 2 1
gophermart/internal/service/orders.go:30.17,32.5 1 1
gophermart/internal/service/orders.go:34.3,34.15 1 1
gophermart/internal/service/orders.go:37.2,37.20 1 1
gophermart/internal/service/orders.go:51.26,56.12 2 1
gophermart/internal/service/orders.go:56.12,58.3 1 1
gophermart/internal/service/orders.go:61.2,63.28 3 1
gophermart/internal/service/orders.go:63.28,65.3 1 0
gophermart/internal/service/orders.go:68.2,68.58 1 1
gophermart/internal/service/orders.go:68.58,70.3 1 0
gophermart/internal/service/orders.go:70.8,70.65 1 1
gophermart/internal/service/orders.go:70.65,72.3 1 0
gophermart/internal/service/orders.go:74.2,76.16 2 1
gophermart/internal/service/orders.go:76.16,78.3 1 0
gophermart/internal/service/orders.go:80.2,80.24 1 1
gophermart/internal/service/orders.go:89.27,91.16 2 1
gophermart/internal/service/orders.go:91.16,93.3 1 0
gophermart/internal/service/orders.go:95.2,95.20 1 1
gophermart/internal/service/orders.go:105.26,107.16 2 1
gophermart/internal/service/orders.go:107.16,109.3 1 1
gophermart/internal/service/orders.go:112.2,112.26 1 1
gophermart/internal/service/orders.go:112.26,114.3 1 1
gophermart/internal/service/orders.go:116.2,116.19 1 1
gophermart/internal/service/user.go:15.33,17.16 2 1
gophermart/internal/service/user.go:17.16,19.3 1 1
gophermart/internal/service/user.go:20.2,21.16 2 1
gophermart/internal/service/user.go:21.16,23.3 1 0
gophermart/internal/service/user.go:24.2,24.19 1 1
gophermart/internal/service/user.go:33.19,36.16 2 1
gophermart/internal/service/user.go:36.16,38.3 1 1
gophermart/internal/service/user.go:40.2,40.33 1 1
gophermart/internal/service/user.go:40.33,42.3 1 1
gophermart/internal/service/user.go:44.2,45.16 2 1
gophermart/internal/service/user.go:45.16,47.3 1 0
gophermart/internal/service/user.go:48.2,48.19 1 1
gophermart/internal/service/user.go:57.25,59.16 2 1
gophermart/internal/service/user.go:59.16,61.3 1 0
gophermart/internal/service/user.go:62.2,62.18 1 1
gophermart/internal/service/user.go:75.9,77.31 1 1
gophermart/internal/service/user.go:77.31,79.3 1 1
gophermart/internal/service/user.go:82.2,83.16 2 1
gophermart/internal/service/user.go:83.16,85.3 1 1
gophermart/internal/service/user.go:87.2,87.12 1 1
gophermart/internal/service/user.go:96.32,98.16 2 1
gophermart/internal/service/user.go:98.16,100.3 1 0
gophermart/internal/service/user.go:101.2,101.25 1 1
gophermart/internal/logger/logger.go:16.26,22.2 4 1
gophermart/internal/logger/logger.go:26.50,28.2 1 1
gophermart/internal/logger/logger.go:32.68,34.2 1 1
gophermart/internal/logger/logger.go:38.49,40.2 1 1
gophermart/internal/logger/logger.go:44.67,46.2 1 1
gophermart/internal/logger/logger.go:50.50,52.2 1 1
gophermart/internal/logger/logger.go:56.68,58.2 1 1
gophermart/internal/logger/logger.go:62.50,64.2 1 0
gophermart/internal/logger/logger.go:68.68,70.2 1 0
gophermart/internal/handlers/router.go:19.114,20.46 1 1
gophermart/internal/handlers/router.go:20.46,21.72 1 1
gophermart/internal/handlers/router.go:21.72,23.19 2 1
gophermart/internal/handlers/router.go:23.19,26.5 2 1
gophermart/internal/handlers/router.go:28.4,29.18 2 0
gophermart/internal/handlers/router.go:29.18,32.5 2 0
gophermart/internal/handlers/router.go:33.4,34.24 2 0
gophermart/internal/handlers/router.go:46.12,60.2 10 1
gophermart/internal/handlers/api/user/balance.go:31.19,33.2 1 1
gophermart/internal/handlers/api/user/balance.go:42.76,44.17 2 1
gophermart/internal/handlers/api/user/balance.go:44.17,47.3 2 0
gophermart/internal/handlers/api/user/balance.go:49.2,50.16 2 1
gophermart/internal/handlers/api/user/balance.go:50.16,53.3 2 0
gophermart/internal/handlers/api/user/balance.go:55.2,62.60 4 1
gophermart/internal/handlers/api/user/balance.go:62.60,65.3 2 0
gophermart/internal/handlers/api/user/balance.go:86.20,88.2 1 1
gophermart/internal/handlers/api/user/balance.go:99.77,101.17 2 1
gophermart/internal/handlers/api/user/balance.go:101.17,104.3 2 0
gophermart/internal/handlers/api/user/balance.go:106.2,107.61 2 1
gophermart/internal/handlers/api/user/balance.go:107.61,110.3 2 0
gophermart/internal/handlers/api/user/balance.go:112.2,114.26 3 1
gophermart/internal/handlers/api/user/balance.go:114.26,117.3 2 0
gophermart/internal/handlers/api/user/balance.go:118.2,119.27 2 1
gophermart/internal/handlers/api/user/balance.go:119.27,122.3 2 0
gophermart/internal/handlers/api/user/balance.go:123.2,123.16 1 1
gophermart/internal/handlers/api/user/balance.go:123.16,126.3 2 0
gophermart/internal/handlers/api/user/balance.go:128.2,128.30 1 1
gophermart/internal/handlers/api/user/balance.go:150.26,152.2 1 1
gophermart/internal/handlers/api/user/balance.go:162.83,164.17 2 1
gophermart/internal/handlers/api/user/balance.go:164.17,167.3 2 0
gophermart/internal/handlers/api/user/balance.go:169.2,170.16 2 1
gophermart/internal/handlers/api/user/balance.go:170.16,173.3 2 0
gophermart/internal/handlers/api/user/balance.go:175.2,175.27 1 1
gophermart/internal/handlers/api/user/balance.go:175.27,178.3 2 1
gophermart/internal/handlers/api/user/balance.go:181.2,182.41 2 1
gophermart/internal/handlers/api/user/balance.go:182.41,188.3 1 1
gophermart/internal/handlers/api/user/balance.go:190.2,192.60 3 1
gophermart/internal/handlers/api/user/balance.go:192.60,195.3 2 0
gophermart/internal/handlers/api/user/login.go:25.17,27.2 1 1
gophermart/internal/handlers/api/user/login.go:37.73,41.16 3 1
gophermart/internal/handlers/api/user/login.go:41.16,44.3 2 1
gophermart/internal/handlers/api/user/login.go:46.2,49.26 3 1
gophermart/internal/handlers/api/user/login.go:49.26,52.3 2 1
gophermart/internal/handlers/api/user/login.go:52.8,52.23 1 1
gophermart/internal/handlers/api/user/login.go:52.23,55.3 2 0
gophermart/internal/handlers/api/user/login.go:57.2,59.30 3 1
gophermart/internal/handlers/api/user/register.go:26.20,28.2 1 1
gophermart/internal/handlers/api/user/register.go:38.77,42.16 3 1
gophermart/internal/handlers/api/user/register.go:42.16,45.3 2 1
gophermart/internal/handlers/api/user/register.go:47.2,51.31 3 1
gophermart/internal/handlers/api/user/register.go:51.31,54.3 2 1
gophermart/internal/handlers/api/user/register.go:54.8,54.23 1 1
gophermart/internal/handlers/api/user/register.go:54.23,57.3 2 0
gophermart/internal/handlers/api/user/register.go:58.2,60.30 3 1
gophermart/internal/handlers/api/orders/orders.go:36.78,40.16 3 1
gophermart/internal/handlers/api/orders/orders.go:40.16,43.3 2 0
gophermart/internal/handlers/api/orders/orders.go:45.2,45.50 1 1
gophermart/internal/handlers/api/orders/orders.go:45.50,48.3 2 0
gophermart/internal/handlers/api/orders/orders.go:51.2,58.26 5 1
gophermart/internal/handlers/api/orders/orders.go:58.26,61.3 2 0
gophermart/internal/handlers/api/orders/orders.go:62.2,63.27 2 1
gophermart/internal/handlers/api/orders/orders.go:63.27,65.3 1 0
gophermart/internal/handlers/api/orders/orders.go:67.2,68.27 2 1
gophermart/internal/handlers/api/orders/orders.go:68.27,70.3 1 0
gophermart/internal/handlers/api/orders/orders.go:72.2,72.16 1 1
gophermart/internal/handlers/api/orders/orders.go:72.16,75.3 2 0
gophermart/internal/handlers/api/orders/orders.go:77.2,78.36 2 1
gophermart/internal/handlers/api/orders/orders.go:84.105,89.2 1 1
gophermart/internal/handlers/api/orders/orders.go:105.77,108.16 2 1
gophermart/internal/handlers/api/orders/orders.go:108.16,111.3 2 0
gophermart/internal/handlers/api/orders/orders.go:112.2,112.22 1 1
gophermart/internal/handlers/api/orders/orders.go:112.22,115.3 2 0
gophermart/internal/handlers/api/orders/orders.go:117.2,119.16 3 1
gophermart/internal/handlers/api/orders/orders.go:119.16,122.3 2 0
gophermart/internal/handlers/api/orders/orders.go:124.2,124.30 1 1
gophermart/internal/handlers/api/orders/orders.go:130.103,135.2 1 1
gophermart/internal/handlers/api/orders/orders.go:159.84,161.18 2 0
gophermart/internal/handlers/api/orders/orders.go:161.18,164.3 2 0
gophermart/internal/handlers/api/orders/orders.go:166.2,167.17 2 0
gophermart/internal/handlers/api/orders/orders.go:167.17,170.3 2 0
gophermart/internal/handlers/api/orders/orders.go:172.2,174.27 3 0
gophermart/internal/handlers/api/orders/orders.go:174.27,177.3 2 0
gophermart/internal/handlers/api/orders/orders.go:178.2,178.16 1 0
gophermart/internal/handlers/api/orders/orders.go:178.16,181.3 2 0
gophermart/internal/handlers/api/orders/orders.go:183.2,189.51 2 0
gophermart/internal/handlers/api/orders/orders.go:189.51,191.3 1 0
gophermart/internal/handlers/api/orders/orders.go:193.2,195.60 3 0
gophermart/internal/handlers/api/orders/orders.go:195.60,198.3 2 0
gophermart/internal/handlers/api/orders/orders.go:204.117,209.2 1 1
gophermart/internal/config/config.go:27.47,36.22 3 1
gophermart/internal/config/config.go:36.22,38.3 1 1
gophermart/internal/config/config.go:40.2,41.23 2 1
gophermart/internal/config/config.go:41.23,43.3 1 1
gophermart/internal/config/config.go:45.2,46.32 2 1
gophermart/internal/config/config.go:46.32,48.3 1 1
gophermart/internal/config/config.go:51.2,56.45 5 1
gophermart/internal/config/config.go:56.45,57.40 1 1
gophermart/internal/config/config.go:57.40,59.4 1 0
gophermart/internal/config/config.go:60.8,63.35 2 0
gophermart/internal/config/config.go:63.35,64.34 1 0
gophermart/internal/config/config.go:64.34,66.5 1 0
gophermart/internal/config/config.go:68.3,68.31 1 0
gophermart/internal/config/config.go:68.31,69.35 1 0
gophermart/internal/config/config.go:69.35,71.5 1 0
gophermart/internal/config/config.go:71.10,78.81 6 0
gophermart/internal/config/config.go:78.81,80.6 1 0
gophermart/internal/config/config.go:83.3,83.40 1 0
gophermart/internal/config/config.go:83.40,84.45 1 0
gophermart/internal/config/config.go:84.45,86.5 1 0
gophermart/internal/config/config.go:90.2,90.15 1 1
gophermart/internal/server/server.go:20.82,23.44 2 0
gophermart/internal/server/server.go:23.44,25.18 2 0
gophermart/internal/server/server.go:25.18,27.5 1 0
gophermart/internal/server/server.go:28.4,30.14 3 0
gophermart/internal/server/server.go:32.43,34.4 1 0
gophermart/internal/server/server.go:36.2,36.12 1 0
gophermart/internal/mocks/mocks_database.go:32.81,36.2 3 0
gophermart/internal/mocks/mocks_database.go:39.79,41.2 1 0
gophermart/internal/mocks/mocks_database.go:44.89,50.2 5 0
gophermart/internal/mocks/mocks_database.go:53.83,56.2 2 0
gophermart/internal/mocks/mocks_database.go:59.69,64.2 4 0
gophermart/internal/mocks/mocks_database.go:67.81,70.2 2 0
gophermart/internal/mocks/mocks_database.go:73.89,79.2 5 0
gophermart/internal/mocks/mocks_database.go:82.89,85.2 2 0
gophermart/internal/mocks/mocks_database.go:88.93,94.2 5 0
gophermart/internal/mocks/mocks_database.go:97.92,100.2 2 0
gophermart/internal/mocks/mocks_database.go:103.85,109.2 5 0
gophermart/internal/mocks/mocks_database.go:112.86,115.2 2 0
gophermart/internal/mocks/mocks_database.go:118.85,124.2 5 0
gophermart/internal/mocks/mocks_database.go:127.86,130.2 2 0
gophermart/internal/mocks/mocks_database.go:133.103,139.2 5 0
gophermart/internal/mocks/mocks_database.go:142.97,145.2 2 0
gophermart/internal/mocks/mocks_database.go:148.96,153.2 4 0
gophermart/internal/mocks/mocks_database.go:156.105,159.2 2 0
gophermart/internal/repository/pg/pg.go:32.74,33.30 1 0
gophermart/internal/repository/pg/pg.go:33.30,36.3 2 0
gophermart/internal/repository/pg/pg.go:38.2,39.16 2 0
gophermart/internal/repository/pg/pg.go:39.16,42.3 2 0
gophermart/internal/repository/pg/pg.go:44.2,49.16 2 0
gophermart/internal/repository/pg/pg.go:49.16,52.3 2 0
gophermart/internal/repository/pg/pg.go:53.2,53.61 1 0
gophermart/internal/repository/pg/pg.go:53.61,55.3 1 0
gophermart/internal/repository/pg/pg.go:57.2,57.12 1 0
gophermart/internal/repository/pg/pg.go:65.96,66.30 1 0
gophermart/internal/repository/pg/pg.go:66.30,68.34 2 0
gophermart/internal/repository/pg/pg.go:71.2,72.16 2 0
gophermart/internal/repository/pg/pg.go:72.16,74.13 2 0
gophermart/internal/repository/pg/pg.go:80.2,81.16 2 0
gophermart/internal/repository/pg/pg.go:81.16,82.13 1 0
gophermart/internal/repository/pg/pg.go:84.2,84.43 1 0
gophermart/internal/repository/pg/pg.go:88.54,92.26 4 0
gophermart/internal/repository/pg/pg.go:92.26,94.17 2 0
gophermart/internal/repository/pg/pg.go:94.17,96.4 1 0
gophermart/internal/repository/pg/pg.go:97.8,99.3 1 0
gophermart/internal/repository/pg/pg.go:100.2,100.12 1 0
gophermart/internal/repository/pg/pg.go:103.73,110.26 6 0
gophermart/internal/repository/pg/pg.go:110.26,112.3 1 0
gophermart/internal/repository/pg/pg.go:112.8,112.23 1 0
gophermart/internal/repository/pg/pg.go:112.23,114.3 1 0
gophermart/internal/repository/pg/pg.go:116.2,116.19 1 0
gophermart/internal/repository/pg/pg.go:119.73,131.26 7 0
gophermart/internal/repository/pg/pg.go:131.26,133.3 1 0
gophermart/internal/repository/pg/pg.go:133.8,133.23 1 0
gophermart/internal/repository/pg/pg.go:133.23,135.3 1 0
gophermart/internal/repository/pg/pg.go:137.2,137.26 1 0
gophermart/internal/repository/pg/pg.go:137.26,139.3 1 0
gophermart/internal/repository/pg/pg.go:139.8,141.3 1 0
gophermart/internal/repository/pg/pg.go:143.2,143.21 1 0
gophermart/internal/repository/pg/pg.go:143.21,145.3 1 0
gophermart/internal/repository/pg/pg.go:145.8,147.3 1 0
gophermart/internal/repository/pg/pg.go:149.2,149.19 1 0
gophermart/internal/repository/pg/pg.go:152.91,155.16 2 0
gophermart/internal/repository/pg/pg.go:155.16,157.3 1 0
gophermart/internal/repository/pg/pg.go:160.2,160.36 1 0
gophermart/internal/repository/pg/pg.go:160.36,162.3 1 0
gophermart/internal/repository/pg/pg.go:165.2,166.16 2 0
gophermart/internal/repository/pg/pg.go:166.16,168.3 1 0
gophermart/internal/repository/pg/pg.go:169.2,177.16 3 0
gophermart/internal/repository/pg/pg.go:177.16,179.3 1 0
gophermart/internal/repository/pg/pg.go:182.2,188.16 2 0
gophermart/internal/repository/pg/pg.go:188.16,190.3 1 0
gophermart/internal/repository/pg/pg.go:193.2,193.35 1 0
gophermart/internal/repository/pg/pg.go:193.35,195.3 1 0
gophermart/internal/repository/pg/pg.go:197.2,197.12 1 0
gophermart/internal/repository/pg/pg.go:200.77,206.26 4 0
gophermart/internal/repository/pg/pg.go:206.26,208.3 1 0
gophermart/internal/repository/pg/pg.go:209.2,216.16 4 0
gophermart/internal/repository/pg/pg.go:216.16,218.3 1 0
gophermart/internal/repository/pg/pg.go:220.2,225.25 5 0
gophermart/internal/repository/pg/pg.go:228.77,245.26 12 0
gophermart/internal/repository/pg/pg.go:245.26,247.3 1 0
gophermart/internal/repository/pg/pg.go:247.8,247.23 1 0
gophermart/internal/repository/pg/pg.go:247.23,249.3 1 0
gophermart/internal/repository/pg/pg.go:251.2,251.18 1 0
gophermart/internal/repository/pg/pg.go:251.18,253.3 1 0
gophermart/internal/repository/pg/pg.go:253.8,255.3 1 0
gophermart/internal/repository/pg/pg.go:257.2,257.19 1 0
gophermart/internal/repository/pg/pg.go:257.19,260.3 2 0
gophermart/internal/repository/pg/pg.go:260.8,262.3 1 0
gophermart/internal/repository/pg/pg.go:264.2,264.17 1 0
gophermart/internal/repository/pg/pg.go:264.17,266.3 1 0
gophermart/internal/repository/pg/pg.go:268.2,268.20 1 0
gophermart/internal/repository/pg/pg.go:271.81,279.16 3 0
gophermart/internal/repository/pg/pg.go:279.16,281.3 1 0
gophermart/internal/repository/pg/pg.go:283.2,285.18 2 0
gophermart/internal/repository/pg/pg.go:285.18,290.17 5 0
gophermart/internal/repository/pg/pg.go:290.17,292.4 1 0
gophermart/internal/repository/pg/pg.go:293.3,294.17 2 0
gophermart/internal/repository/pg/pg.go:294.17,296.4 1 0
gophermart/internal/repository/pg/pg.go:297.3,298.17 2 0
gophermart/internal/repository/pg/pg.go:298.17,300.4 1 0
gophermart/internal/repository/pg/pg.go:301.3,302.33 2 0
gophermart/internal/repository/pg/pg.go:305.2,305.34 1 0
gophermart/internal/repository/pg/pg.go:305.34,307.3 1 0
gophermart/internal/repository/pg/pg.go:309.2,309.20 1 0
gophermart/internal/repository/pg/pg.go:312.91,320.16 3 0
gophermart/internal/repository/pg/pg.go:320.16,322.3 1 0
gophermart/internal/repository/pg/pg.go:324.2,326.18 2 0
gophermart/internal/repository/pg/pg.go:326.18,331.17 5 0
gophermart/internal/repository/pg/pg.go:331.17,333.4 1 0
gophermart/internal/repository/pg/pg.go:334.3,336.48 3 0
gophermart/internal/repository/pg/pg.go:339.2,339.34 1 0
gophermart/internal/repository/pg/pg.go:339.34,341.3 1 0
gophermart/internal/repository/pg/pg.go:343.2,343.25 1 0
